============================= test session starts =============================
platform win32 -- Python 3.11.9, pytest-9.0.2, pluggy-1.6.0 -- C:\Users\venka\Desktop\EndGame\AdaptLab\backend\venv\Scripts\python.exe
cachedir: .pytest_cache
rootdir: C:\Users\venka\Desktop\EndGame\AdaptLab\backend
plugins: anyio-4.13.0
collecting ... collected 16 items

tests/test_fatigue_service.py::TestCheckFatigue::test_fewer_than_window_returns_not_fatigued PASSED
tests/test_fatigue_service.py::TestCheckFatigue::test_exactly_window_minus_one_returns_not_fatigued PASSED
tests/test_fatigue_service.py::TestCheckFatigue::test_low_avg_and_declining_trend_triggers_fatigue PASSED
tests/test_fatigue_service.py::TestCheckFatigue::test_window_uses_last_n_only PASSED
tests/test_fatigue_service.py::TestCheckFatigue::test_avg_and_trend_values_attached PASSED
tests/test_fatigue_service.py::TestCheckFatigue::test_high_avg_no_fatigue PASSED
tests/test_fatigue_service.py::TestCheckFatigue::test_declining_but_avg_above_threshold PASSED
tests/test_fatigue_service.py::TestCheckFatigue::test_low_avg_but_flat_trend PASSED
tests/test_fatigue_service.py::TestCheckFatigue::test_low_avg_improving_trend PASSED
tests/test_fatigue_service.py::TestCheckFatigue::test_avg_exactly_at_threshold_no_fatigue PASSED
tests/test_fatigue_service.py::TestCheckFatigue::test_trend_exactly_at_threshold_no_fatigue PASSED
tests/test_fatigue_service.py::TestCheckFatigue::test_not_fatigued_returns_normal_mu PASSED
tests/test_fatigue_service.py::TestEffectiveMu::test_effective_mu_normal PASSED
tests/test_fatigue_service.py::TestEffectiveMu::test_effective_mu_fatigued PASSED
tests/test_fatigue_service.py::TestEffectiveMu::test_effective_mu_not_fatigued PASSED
tests/test_fatigue_service.py::TestGaussianMuShift::test_fatigue_mu_prefers_easier_problems FAILED

================================== FAILURES ===================================
_________ TestGaussianMuShift.test_fatigue_mu_prefers_easier_problems _________

self = <test_fatigue_service.TestGaussianMuShift object at 0x000001BEF006E550>

    def test_fatigue_mu_prefers_easier_problems(self):
        from services.problem_service import gaussian_utility, MU_NORMAL, MU_FATIGUED
    
        # student score = 0.5 (mid-range)
        difficulty_easy   = 0.2
        difficulty_medium = 0.5
        difficulty_hard   = 0.8
    
        # Fatigued: \u03bc=0.35 \u2192 easier problem should score highest
        u_easy_f   = gaussian_utility(difficulty_easy,   0.5, mu=MU_FATIGUED)
        u_medium_f = gaussian_utility(difficulty_medium, 0.5, mu=MU_FATIGUED)
        u_hard_f   = gaussian_utility(difficulty_hard,   0.5, mu=MU_FATIGUED)
>       assert u_easy_f > u_medium_f > u_hard_f, (
            f"Fatigued mu should prefer easy: {u_easy_f:.4f} > {u_medium_f:.4f} > {u_hard_f:.4f}"
        )
E       AssertionError: Fatigued mu should prefer easy: 0.2163 > 0.0051 > 0.2163
E       assert 0.005086069231012705 > 0.2162651668298874

tests\test_fatigue_service.py:148: AssertionError
=========================== short test summary info ===========================
FAILED tests/test_fatigue_service.py::TestGaussianMuShift::test_fatigue_mu_prefers_easier_problems - AssertionError: Fatigued mu should prefer easy: 0.2163 > 0.0051 > 0.2163
assert 0.005086069231012705 > 0.2162651668298874
======================== 1 failed, 15 passed in 0.30s =========================
